Use Adapter:NVIDIA GeForce RTX 4060 Laptop GPU
FeatureLevel : 12.2
Complete create D3D12Device!!!
Begin CompileShader, path:resources/shaders/Object3D.VS.hlsl, profile:vs_6_0
Compile Succeeded, path:resources/shaders/Object3D.VS.hlsl, profile:vs_6_0
Begin CompileShader, path:resources/shaders/Object3D.PS.hlsl, profile:ps_6_0
Compile Succeeded, path:resources/shaders/Object3D.PS.hlsl, profile:ps_6_0
Begin CompileShader, path:resources/shaders/SkinningObject3D.VS.hlsl, profile:vs_6_0
Compile Succeeded, path:resources/shaders/SkinningObject3D.VS.hlsl, profile:vs_6_0
Begin CompileShader, path:resources/shaders/Object3D.PS.hlsl, profile:ps_6_0
Compile Succeeded, path:resources/shaders/Object3D.PS.hlsl, profile:ps_6_0
Begin CompileShader, path:resources/shaders/Skinning.CS.hlsl, profile:cs_6_0
Compile Succeeded, path:resources/shaders/Skinning.CS.hlsl, profile:cs_6_0
Begin CompileShader, path:resources/shaders/Skybox.VS.hlsl, profile:vs_6_0
Compile Succeeded, path:resources/shaders/Skybox.VS.hlsl, profile:vs_6_0
Begin CompileShader, path:resources/shaders/Skybox.PS.hlsl, profile:ps_6_0
Compile Succeeded, path:resources/shaders/Skybox.PS.hlsl, profile:ps_6_0
Begin CompileShader, path:resources/shaders/ShadowMap.VS.hlsl, profile:vs_6_0
Compile Succeeded, path:resources/shaders/ShadowMap.VS.hlsl, profile:vs_6_0
Begin CompileShader, path:resources/shaders/SkinningShadowMap.VS.hlsl, profile:vs_6_0
Compile Succeeded, path:resources/shaders/SkinningShadowMap.VS.hlsl, profile:vs_6_0
Begin CompileShader, path:resources/shaders/Sprite.VS.hlsl, profile:vs_6_0
Compile Succeeded, path:resources/shaders/Sprite.VS.hlsl, profile:vs_6_0
Begin CompileShader, path:resources/shaders/Sprite.PS.hlsl, profile:ps_6_0
Compile Succeeded, path:resources/shaders/Sprite.PS.hlsl, profile:ps_6_0
Begin CompileShader, path:resources/shaders/Particle.VS.hlsl, profile:vs_6_0
Compile Succeeded, path:resources/shaders/Particle.VS.hlsl, profile:vs_6_0
Begin CompileShader, path:resources/shaders/Particle.PS.hlsl, profile:ps_6_0
Compile Succeeded, path:resources/shaders/Particle.PS.hlsl, profile:ps_6_0
Begin CompileShader, path:resources/shaders/GpuParticle.VS.hlsl, profile:vs_6_0
Compile Succeeded, path:resources/shaders/GpuParticle.VS.hlsl, profile:vs_6_0
Begin CompileShader, path:resources/shaders/Particle.PS.hlsl, profile:ps_6_0
Compile Succeeded, path:resources/shaders/Particle.PS.hlsl, profile:ps_6_0
Begin CompileShader, path:resources/shaders/InitializeGpuParticle.CS.hlsl, profile:cs_6_0
Compile Succeeded, path:resources/shaders/InitializeGpuParticle.CS.hlsl, profile:cs_6_0
Begin CompileShader, path:resources/shaders/EmitGpuParticle.CS.hlsl, profile:cs_6_0
Compile Succeeded, path:resources/shaders/EmitGpuParticle.CS.hlsl, profile:cs_6_0
Begin CompileShader, path:resources/shaders/UpdateGpuParticle.CS.hlsl, profile:cs_6_0
Compile Succeeded, path:resources/shaders/UpdateGpuParticle.CS.hlsl, profile:cs_6_0
Begin CompileShader, path:resources/shaders/DebugLine.VS.hlsl, profile:vs_6_0
Compile Succeeded, path:resources/shaders/DebugLine.VS.hlsl, profile:vs_6_0
Begin CompileShader, path:resources/shaders/DebugLine.PS.hlsl, profile:ps_6_0
Compile Succeeded, path:resources/shaders/DebugLine.PS.hlsl, profile:ps_6_0
Begin CompileShader, path:resources/shaders/Fullscreen.VS.hlsl, profile:vs_6_0
Compile Succeeded, path:resources/shaders/Fullscreen.VS.hlsl, profile:vs_6_0
Begin CompileShader, path:resources/shaders/CopyImage.PS.hlsl, profile:ps_6_0
Compile Succeeded, path:resources/shaders/CopyImage.PS.hlsl, profile:ps_6_0
Begin CompileShader, path:resources/shaders/Grayscale.PS.hlsl, profile:ps_6_0
Compile Succeeded, path:resources/shaders/Grayscale.PS.hlsl, profile:ps_6_0
Begin CompileShader, path:resources/shaders/Vignette.PS.hlsl, profile:ps_6_0
Compile Succeeded, path:resources/shaders/Vignette.PS.hlsl, profile:ps_6_0
Begin CompileShader, path:resources/shaders/BoxBlur.PS.hlsl, profile:ps_6_0
Compile Succeeded, path:resources/shaders/BoxBlur.PS.hlsl, profile:ps_6_0
Begin CompileShader, path:resources/shaders/GaussianBlur.PS.hlsl, profile:ps_6_0
Compile Succeeded, path:resources/shaders/GaussianBlur.PS.hlsl, profile:ps_6_0
Begin CompileShader, path:resources/shaders/RadialBlur.PS.hlsl, profile:ps_6_0
Compile Succeeded, path:resources/shaders/RadialBlur.PS.hlsl, profile:ps_6_0
Begin CompileShader, path:resources/shaders/Noise.PS.hlsl, profile:ps_6_0
Compile Succeeded, path:resources/shaders/Noise.PS.hlsl, profile:ps_6_0
Begin CompileShader, path:resources/shaders/Dissolve.PS.hlsl, profile:ps_6_0
Compile Succeeded, path:resources/shaders/Dissolve.PS.hlsl, profile:ps_6_0
Begin CompileShader, path:resources/shaders/Outline.PS.hlsl, profile:ps_6_0
Compile Succeeded, path:resources/shaders/Outline.PS.hlsl, profile:ps_6_0
Begin CompileShader, path:resources/shaders/DepthOfField.PS.hlsl, profile:ps_6_0
Compile Succeeded, path:resources/shaders/DepthOfField.PS.hlsl, profile:ps_6_0
Begin CompileShader, path:resources/shaders/Fullscreen.VS.hlsl, profile:vs_6_0
Compile Succeeded, path:resources/shaders/Fullscreen.VS.hlsl, profile:vs_6_0
Begin CompileShader, path:resources/shaders/BloomExtract.PS.hlsl, profile:ps_6_0
Compile Succeeded, path:resources/shaders/BloomExtract.PS.hlsl, profile:ps_6_0
Begin CompileShader, path:resources/shaders/BloomBlur.PS.hlsl, profile:ps_6_0
Compile Succeeded, path:resources/shaders/BloomBlur.PS.hlsl, profile:ps_6_0
Begin CompileShader, path:resources/shaders/BloomComposite.PS.hlsl, profile:ps_6_0
Compile Succeeded, path:resources/shaders/BloomComposite.PS.hlsl, profile:ps_6_0
GPU Particle enabled: true
Begin CompileShader, path:resources/shaders/Lightning.VS.hlsl, profile:vs_6_0
Compile Succeeded, path:resources/shaders/Lightning.VS.hlsl, profile:vs_6_0
Begin CompileShader, path:resources/shaders/Lightning.PS.hlsl, profile:ps_6_0
Compile Succeeded, path:resources/shaders/Lightning.PS.hlsl, profile:ps_6_0
GPU Particle enabled by effect: rainParticle
GpuParticle::Draw reached
