Use Adapter:NVIDIA GeForce RTX 4060 Laptop GPU
FeatureLevel : 12.2
Complete create D3D12Device!!!
Begin CompileShader, path:resources/shaders/Object3D.VS.hlsl, profile:vs_6_0
Compile Succeeded, path:resources/shaders/Object3D.VS.hlsl, profile:vs_6_0
Begin CompileShader, path:resources/shaders/Object3D.PS.hlsl, profile:ps_6_0
Compile Succeeded, path:resources/shaders/Object3D.PS.hlsl, profile:ps_6_0
Begin CompileShader, path:resources/shaders/Skybox.VS.hlsl, profile:vs_6_0
Compile Succeeded, path:resources/shaders/Skybox.VS.hlsl, profile:vs_6_0
Begin CompileShader, path:resources/shaders/Skybox.PS.hlsl, profile:ps_6_0
Compile Succeeded, path:resources/shaders/Skybox.PS.hlsl, profile:ps_6_0
Begin CompileShader, path:resources/shaders/ShadowMap.VS.hlsl, profile:vs_6_0
Compile Succeeded, path:resources/shaders/ShadowMap.VS.hlsl, profile:vs_6_0
Begin CompileShader, path:resources/shaders/Sprite.VS.hlsl, profile:vs_6_0
Compile Succeeded, path:resources/shaders/Sprite.VS.hlsl, profile:vs_6_0
Begin CompileShader, path:resources/shaders/Sprite.PS.hlsl, profile:ps_6_0
Compile Succeeded, path:resources/shaders/Sprite.PS.hlsl, profile:ps_6_0
Begin CompileShader, path:resources/shaders/Particle.VS.hlsl, profile:vs_6_0
Compile Succeeded, path:resources/shaders/Particle.VS.hlsl, profile:vs_6_0
Begin CompileShader, path:resources/shaders/Particle.PS.hlsl, profile:ps_6_0
Compile Succeeded, path:resources/shaders/Particle.PS.hlsl, profile:ps_6_0
Failed to load texture: resources/AnimatedCube_BaseColor.png
