Use Adapter:NVIDIA GeForce RTX 4060 Laptop GPU
FeatureLevel : 12.2
Complete create D3D12Device!!!
Begin CompileShader, path:C:\Users\K024G\OneDrive\デスクトップ\LE3C\GJ\project\resources\shaders\Object3D.VS.hlsl, profile:vs_6_0
Compile Succeeded, path:C:\Users\K024G\OneDrive\デスクトップ\LE3C\GJ\project\resources\shaders\Object3D.VS.hlsl, profile:vs_6_0
Begin CompileShader, path:C:\Users\K024G\OneDrive\デスクトップ\LE3C\GJ\project\resources\shaders\Object3D.PS.hlsl, profile:ps_6_0
Compile Succeeded, path:C:\Users\K024G\OneDrive\デスクトップ\LE3C\GJ\project\resources\shaders\Object3D.PS.hlsl, profile:ps_6_0
Begin CompileShader, path:C:\Users\K024G\OneDrive\デスクトップ\LE3C\GJ\project\resources\shaders\SkinningObject3D.VS.hlsl, profile:vs_6_0
Compile Succeeded, path:C:\Users\K024G\OneDrive\デスクトップ\LE3C\GJ\project\resources\shaders\SkinningObject3D.VS.hlsl, profile:vs_6_0
Begin CompileShader, path:C:\Users\K024G\OneDrive\デスクトップ\LE3C\GJ\project\resources\shaders\Object3D.PS.hlsl, profile:ps_6_0
Compile Succeeded, path:C:\Users\K024G\OneDrive\デスクトップ\LE3C\GJ\project\resources\shaders\Object3D.PS.hlsl, profile:ps_6_0
Begin CompileShader, path:C:\Users\K024G\OneDrive\デスクトップ\LE3C\GJ\project\resources\shaders\Skinning.CS.hlsl, profile:cs_6_0
Compile Succeeded, path:C:\Users\K024G\OneDrive\デスクトップ\LE3C\GJ\project\resources\shaders\Skinning.CS.hlsl, profile:cs_6_0
Begin CompileShader, path:C:\Users\K024G\OneDrive\デスクトップ\LE3C\GJ\project\resources\shaders\Skybox.VS.hlsl, profile:vs_6_0
Compile Succeeded, path:C:\Users\K024G\OneDrive\デスクトップ\LE3C\GJ\project\resources\shaders\Skybox.VS.hlsl, profile:vs_6_0
Begin CompileShader, path:C:\Users\K024G\OneDrive\デスクトップ\LE3C\GJ\project\resources\shaders\Skybox.PS.hlsl, profile:ps_6_0
Compile Succeeded, path:C:\Users\K024G\OneDrive\デスクトップ\LE3C\GJ\project\resources\shaders\Skybox.PS.hlsl, profile:ps_6_0
Begin CompileShader, path:C:\Users\K024G\OneDrive\デスクトップ\LE3C\GJ\project\resources\shaders\ShadowMap.VS.hlsl, profile:vs_6_0
Compile Succeeded, path:C:\Users\K024G\OneDrive\デスクトップ\LE3C\GJ\project\resources\shaders\ShadowMap.VS.hlsl, profile:vs_6_0
Begin CompileShader, path:C:\Users\K024G\OneDrive\デスクトップ\LE3C\GJ\project\resources\shaders\SkinningShadowMap.VS.hlsl, profile:vs_6_0
Compile Succeeded, path:C:\Users\K024G\OneDrive\デスクトップ\LE3C\GJ\project\resources\shaders\SkinningShadowMap.VS.hlsl, profile:vs_6_0
Begin CompileShader, path:C:\Users\K024G\OneDrive\デスクトップ\LE3C\GJ\project\resources\shaders\Sprite.VS.hlsl, profile:vs_6_0
Compile Succeeded, path:C:\Users\K024G\OneDrive\デスクトップ\LE3C\GJ\project\resources\shaders\Sprite.VS.hlsl, profile:vs_6_0
Begin CompileShader, path:C:\Users\K024G\OneDrive\デスクトップ\LE3C\GJ\project\resources\shaders\Sprite.PS.hlsl, profile:ps_6_0
Compile Succeeded, path:C:\Users\K024G\OneDrive\デスクトップ\LE3C\GJ\project\resources\shaders\Sprite.PS.hlsl, profile:ps_6_0
Begin CompileShader, path:C:\Users\K024G\OneDrive\デスクトップ\LE3C\GJ\project\resources\shaders\Particle.VS.hlsl, profile:vs_6_0
Compile Succeeded, path:C:\Users\K024G\OneDrive\デスクトップ\LE3C\GJ\project\resources\shaders\Particle.VS.hlsl, profile:vs_6_0
Begin CompileShader, path:C:\Users\K024G\OneDrive\デスクトップ\LE3C\GJ\project\resources\shaders\Particle.PS.hlsl, profile:ps_6_0
Compile Succeeded, path:C:\Users\K024G\OneDrive\デスクトップ\LE3C\GJ\project\resources\shaders\Particle.PS.hlsl, profile:ps_6_0
Begin CompileShader, path:C:\Users\K024G\OneDrive\デスクトップ\LE3C\GJ\project\resources\shaders\DebugLine.VS.hlsl, profile:vs_6_0
Compile Succeeded, path:C:\Users\K024G\OneDrive\デスクトップ\LE3C\GJ\project\resources\shaders\DebugLine.VS.hlsl, profile:vs_6_0
Begin CompileShader, path:C:\Users\K024G\OneDrive\デスクトップ\LE3C\GJ\project\resources\shaders\DebugLine.PS.hlsl, profile:ps_6_0
Compile Succeeded, path:C:\Users\K024G\OneDrive\デスクトップ\LE3C\GJ\project\resources\shaders\DebugLine.PS.hlsl, profile:ps_6_0
Warning [gameplay] Entity 44: OnKeyPressed Event has an unsupported key: ESC
Begin CompileShader, path:C:\Users\K024G\OneDrive\デスクトップ\LE3C\GJ\project\resources\shaders\Fullscreen.VS.hlsl, profile:vs_6_0
Compile Succeeded, path:C:\Users\K024G\OneDrive\デスクトップ\LE3C\GJ\project\resources\shaders\Fullscreen.VS.hlsl, profile:vs_6_0
Begin CompileShader, path:C:\Users\K024G\OneDrive\デスクトップ\LE3C\GJ\project\resources\shaders\CopyImage.PS.hlsl, profile:ps_6_0
Compile Succeeded, path:C:\Users\K024G\OneDrive\デスクトップ\LE3C\GJ\project\resources\shaders\CopyImage.PS.hlsl, profile:ps_6_0
Begin CompileShader, path:C:\Users\K024G\OneDrive\デスクトップ\LE3C\GJ\project\resources\shaders\Grayscale.PS.hlsl, profile:ps_6_0
Compile Succeeded, path:C:\Users\K024G\OneDrive\デスクトップ\LE3C\GJ\project\resources\shaders\Grayscale.PS.hlsl, profile:ps_6_0
Begin CompileShader, path:C:\Users\K024G\OneDrive\デスクトップ\LE3C\GJ\project\resources\shaders\Vignette.PS.hlsl, profile:ps_6_0
Compile Succeeded, path:C:\Users\K024G\OneDrive\デスクトップ\LE3C\GJ\project\resources\shaders\Vignette.PS.hlsl, profile:ps_6_0
Begin CompileShader, path:C:\Users\K024G\OneDrive\デスクトップ\LE3C\GJ\project\resources\shaders\BoxBlur.PS.hlsl, profile:ps_6_0
Compile Succeeded, path:C:\Users\K024G\OneDrive\デスクトップ\LE3C\GJ\project\resources\shaders\BoxBlur.PS.hlsl, profile:ps_6_0
Begin CompileShader, path:C:\Users\K024G\OneDrive\デスクトップ\LE3C\GJ\project\resources\shaders\GaussianBlur.PS.hlsl, profile:ps_6_0
Compile Succeeded, path:C:\Users\K024G\OneDrive\デスクトップ\LE3C\GJ\project\resources\shaders\GaussianBlur.PS.hlsl, profile:ps_6_0
Begin CompileShader, path:C:\Users\K024G\OneDrive\デスクトップ\LE3C\GJ\project\resources\shaders\RadialBlur.PS.hlsl, profile:ps_6_0
Compile Succeeded, path:C:\Users\K024G\OneDrive\デスクトップ\LE3C\GJ\project\resources\shaders\RadialBlur.PS.hlsl, profile:ps_6_0
Begin CompileShader, path:C:\Users\K024G\OneDrive\デスクトップ\LE3C\GJ\project\resources\shaders\Noise.PS.hlsl, profile:ps_6_0
Compile Succeeded, path:C:\Users\K024G\OneDrive\デスクトップ\LE3C\GJ\project\resources\shaders\Noise.PS.hlsl, profile:ps_6_0
Begin CompileShader, path:C:\Users\K024G\OneDrive\デスクトップ\LE3C\GJ\project\resources\shaders\Dissolve.PS.hlsl, profile:ps_6_0
Compile Succeeded, path:C:\Users\K024G\OneDrive\デスクトップ\LE3C\GJ\project\resources\shaders\Dissolve.PS.hlsl, profile:ps_6_0
Begin CompileShader, path:C:\Users\K024G\OneDrive\デスクトップ\LE3C\GJ\project\resources\shaders\Outline.PS.hlsl, profile:ps_6_0
Compile Succeeded, path:C:\Users\K024G\OneDrive\デスクトップ\LE3C\GJ\project\resources\shaders\Outline.PS.hlsl, profile:ps_6_0
Begin CompileShader, path:C:\Users\K024G\OneDrive\デスクトップ\LE3C\GJ\project\resources\shaders\DepthOfField.PS.hlsl, profile:ps_6_0
Compile Succeeded, path:C:\Users\K024G\OneDrive\デスクトップ\LE3C\GJ\project\resources\shaders\DepthOfField.PS.hlsl, profile:ps_6_0
Begin CompileShader, path:C:\Users\K024G\OneDrive\デスクトップ\LE3C\GJ\project\resources\shaders\Underwater.PS.hlsl, profile:ps_6_0
Compile Succeeded, path:C:\Users\K024G\OneDrive\デスクトップ\LE3C\GJ\project\resources\shaders\Underwater.PS.hlsl, profile:ps_6_0
Begin CompileShader, path:C:\Users\K024G\OneDrive\デスクトップ\LE3C\GJ\project\resources\shaders\WaterRefraction.PS.hlsl, profile:ps_6_0
Compile Succeeded, path:C:\Users\K024G\OneDrive\デスクトップ\LE3C\GJ\project\resources\shaders\WaterRefraction.PS.hlsl, profile:ps_6_0
Begin CompileShader, path:C:\Users\K024G\OneDrive\デスクトップ\LE3C\GJ\project\resources\shaders\WaterLightShafts.PS.hlsl, profile:ps_6_0
Compile Succeeded, path:C:\Users\K024G\OneDrive\デスクトップ\LE3C\GJ\project\resources\shaders\WaterLightShafts.PS.hlsl, profile:ps_6_0
Begin CompileShader, path:C:\Users\K024G\OneDrive\デスクトップ\LE3C\GJ\project\resources\shaders\ChromaticAberration.PS.hlsl, profile:ps_6_0
Compile Succeeded, path:C:\Users\K024G\OneDrive\デスクトップ\LE3C\GJ\project\resources\shaders\ChromaticAberration.PS.hlsl, profile:ps_6_0
Begin CompileShader, path:C:\Users\K024G\OneDrive\デスクトップ\LE3C\GJ\project\resources\shaders\Pixelation.PS.hlsl, profile:ps_6_0
Compile Succeeded, path:C:\Users\K024G\OneDrive\デスクトップ\LE3C\GJ\project\resources\shaders\Pixelation.PS.hlsl, profile:ps_6_0
Begin CompileShader, path:C:\Users\K024G\OneDrive\デスクトップ\LE3C\GJ\project\resources\shaders\MotionBlur.PS.hlsl, profile:ps_6_0
Compile Succeeded, path:C:\Users\K024G\OneDrive\デスクトップ\LE3C\GJ\project\resources\shaders\MotionBlur.PS.hlsl, profile:ps_6_0
Begin CompileShader, path:C:\Users\K024G\OneDrive\デスクトップ\LE3C\GJ\project\resources\shaders\Fullscreen.VS.hlsl, profile:vs_6_0
Compile Succeeded, path:C:\Users\K024G\OneDrive\デスクトップ\LE3C\GJ\project\resources\shaders\Fullscreen.VS.hlsl, profile:vs_6_0
Begin CompileShader, path:C:\Users\K024G\OneDrive\デスクトップ\LE3C\GJ\project\resources\shaders\BloomExtract.PS.hlsl, profile:ps_6_0
Compile Succeeded, path:C:\Users\K024G\OneDrive\デスクトップ\LE3C\GJ\project\resources\shaders\BloomExtract.PS.hlsl, profile:ps_6_0
Begin CompileShader, path:C:\Users\K024G\OneDrive\デスクトップ\LE3C\GJ\project\resources\shaders\BloomBlur.PS.hlsl, profile:ps_6_0
Compile Succeeded, path:C:\Users\K024G\OneDrive\デスクトップ\LE3C\GJ\project\resources\shaders\BloomBlur.PS.hlsl, profile:ps_6_0
Begin CompileShader, path:C:\Users\K024G\OneDrive\デスクトップ\LE3C\GJ\project\resources\shaders\BloomComposite.PS.hlsl, profile:ps_6_0
Compile Succeeded, path:C:\Users\K024G\OneDrive\デスクトップ\LE3C\GJ\project\resources\shaders\BloomComposite.PS.hlsl, profile:ps_6_0
GPU Particle enabled: true
Begin CompileShader, path:C:\Users\K024G\OneDrive\デスクトップ\LE3C\GJ\project\resources\shaders\WaterSurface.VS.hlsl, profile:vs_6_0
Compile Succeeded, path:C:\Users\K024G\OneDrive\デスクトップ\LE3C\GJ\project\resources\shaders\WaterSurface.VS.hlsl, profile:vs_6_0
Begin CompileShader, path:C:\Users\K024G\OneDrive\デスクトップ\LE3C\GJ\project\resources\shaders\WaterSurface.PS.hlsl, profile:ps_6_0
Compile Succeeded, path:C:\Users\K024G\OneDrive\デスクトップ\LE3C\GJ\project\resources\shaders\WaterSurface.PS.hlsl, profile:ps_6_0
Begin CompileShader, path:C:\Users\K024G\OneDrive\デスクトップ\LE3C\GJ\project\resources\shaders\Lightning.VS.hlsl, profile:vs_6_0
Compile Succeeded, path:C:\Users\K024G\OneDrive\デスクトップ\LE3C\GJ\project\resources\shaders\Lightning.VS.hlsl, profile:vs_6_0
Begin CompileShader, path:C:\Users\K024G\OneDrive\デスクトップ\LE3C\GJ\project\resources\shaders\Lightning.PS.hlsl, profile:ps_6_0
Compile Succeeded, path:C:\Users\K024G\OneDrive\デスクトップ\LE3C\GJ\project\resources\shaders\Lightning.PS.hlsl, profile:ps_6_0
Begin CompileShader, path:C:\Users\K024G\OneDrive\デスクトップ\LE3C\GJ\project\resources\shaders\Lightning.VS.hlsl, profile:vs_6_0
Compile Succeeded, path:C:\Users\K024G\OneDrive\デスクトップ\LE3C\GJ\project\resources\shaders\Lightning.VS.hlsl, profile:vs_6_0
Begin CompileShader, path:C:\Users\K024G\OneDrive\デスクトップ\LE3C\GJ\project\resources\shaders\Lightning.PS.hlsl, profile:ps_6_0
Compile Succeeded, path:C:\Users\K024G\OneDrive\デスクトップ\LE3C\GJ\project\resources\shaders\Lightning.PS.hlsl, profile:ps_6_0
Begin CompileShader, path:C:\Users\K024G\OneDrive\デスクトップ\LE3C\GJ\project\resources\shaders\Sprite.VS.hlsl, profile:vs_6_0
Compile Succeeded, path:C:\Users\K024G\OneDrive\デスクトップ\LE3C\GJ\project\resources\shaders\Sprite.VS.hlsl, profile:vs_6_0
Begin CompileShader, path:C:\Users\K024G\OneDrive\デスクトップ\LE3C\GJ\project\resources\shaders\Sprite.PS.hlsl, profile:ps_6_0
Compile Succeeded, path:C:\Users\K024G\OneDrive\デスクトップ\LE3C\GJ\project\resources\shaders\Sprite.PS.hlsl, profile:ps_6_0
Begin CompileShader, path:C:\Users\K024G\OneDrive\デスクトップ\LE3C\GJ\project\resources\shaders\Sprite.VS.hlsl, profile:vs_6_0
Compile Succeeded, path:C:\Users\K024G\OneDrive\デスクトップ\LE3C\GJ\project\resources\shaders\Sprite.VS.hlsl, profile:vs_6_0
Begin CompileShader, path:C:\Users\K024G\OneDrive\デスクトップ\LE3C\GJ\project\resources\shaders\Sprite.PS.hlsl, profile:ps_6_0
Compile Succeeded, path:C:\Users\K024G\OneDrive\デスクトップ\LE3C\GJ\project\resources\shaders\Sprite.PS.hlsl, profile:ps_6_0
Scene asset path is already in use: C:/Users/K024G/OneDrive/デスクトップ/LE3C/GJ/project/resources/scenes/a.scene.json
