Use Adapter:NVIDIA GeForce RTX 4060 Laptop GPU
FeatureLevel : 12.2
Complete create D3D12Device!!!
Begin CompileShader, path:C:\Users\K024G\OneDrive\デスクトップ\LE3C\GJ\project\resources\shaders\Object3D.VS.hlsl, profile:vs_6_0
Compile Succeeded, path:C:\Users\K024G\OneDrive\デスクトップ\LE3C\GJ\project\resources\shaders\Object3D.VS.hlsl, profile:vs_6_0
Begin CompileShader, path:C:\Users\K024G\OneDrive\デスクトップ\LE3C\GJ\project\resources\shaders\Object3D.PS.hlsl, profile:ps_6_0
Compile Succeeded, path:C:\Users\K024G\OneDrive\デスクトップ\LE3C\GJ\project\resources\shaders\Object3D.PS.hlsl, profile:ps_6_0
Begin CompileShader, path:C:\Users\K024G\OneDrive\デスクトップ\LE3C\GJ\project\resources\shaders\SkinningObject3D.VS.hlsl, profile:vs_6_0
Compile Succeeded, path:C:\Users\K024G\OneDrive\デスクトップ\LE3C\GJ\project\resources\shaders\SkinningObject3D.VS.hlsl, profile:vs_6_0
Begin CompileShader, path:C:\Users\K024G\OneDrive\デスクトップ\LE3C\GJ\project\resources\shaders\Object3D.PS.hlsl, profile:ps_6_0
Compile Succeeded, path:C:\Users\K024G\OneDrive\デスクトップ\LE3C\GJ\project\resources\shaders\Object3D.PS.hlsl, profile:ps_6_0
Begin CompileShader, path:C:\Users\K024G\OneDrive\デスクトップ\LE3C\GJ\project\resources\shaders\Skinning.CS.hlsl, profile:cs_6_0
Compile Succeeded, path:C:\Users\K024G\OneDrive\デスクトップ\LE3C\GJ\project\resources\shaders\Skinning.CS.hlsl, profile:cs_6_0
Begin CompileShader, path:C:\Users\K024G\OneDrive\デスクトップ\LE3C\GJ\project\resources\shaders\Skybox.VS.hlsl, profile:vs_6_0
Compile Succeeded, path:C:\Users\K024G\OneDrive\デスクトップ\LE3C\GJ\project\resources\shaders\Skybox.VS.hlsl, profile:vs_6_0
Begin CompileShader, path:C:\Users\K024G\OneDrive\デスクトップ\LE3C\GJ\project\resources\shaders\Skybox.PS.hlsl, profile:ps_6_0
Compile Succeeded, path:C:\Users\K024G\OneDrive\デスクトップ\LE3C\GJ\project\resources\shaders\Skybox.PS.hlsl, profile:ps_6_0
Begin CompileShader, path:C:\Users\K024G\OneDrive\デスクトップ\LE3C\GJ\project\resources\shaders\ShadowMap.VS.hlsl, profile:vs_6_0
Compile Succeeded, path:C:\Users\K024G\OneDrive\デスクトップ\LE3C\GJ\project\resources\shaders\ShadowMap.VS.hlsl, profile:vs_6_0
Begin CompileShader, path:C:\Users\K024G\OneDrive\デスクトップ\LE3C\GJ\project\resources\shaders\SkinningShadowMap.VS.hlsl, profile:vs_6_0
Compile Succeeded, path:C:\Users\K024G\OneDrive\デスクトップ\LE3C\GJ\project\resources\shaders\SkinningShadowMap.VS.hlsl, profile:vs_6_0
Begin CompileShader, path:C:\Users\K024G\OneDrive\デスクトップ\LE3C\GJ\project\resources\shaders\Sprite.VS.hlsl, profile:vs_6_0
Compile Succeeded, path:C:\Users\K024G\OneDrive\デスクトップ\LE3C\GJ\project\resources\shaders\Sprite.VS.hlsl, profile:vs_6_0
Begin CompileShader, path:C:\Users\K024G\OneDrive\デスクトップ\LE3C\GJ\project\resources\shaders\Sprite.PS.hlsl, profile:ps_6_0
Compile Succeeded, path:C:\Users\K024G\OneDrive\デスクトップ\LE3C\GJ\project\resources\shaders\Sprite.PS.hlsl, profile:ps_6_0
Begin CompileShader, path:C:\Users\K024G\OneDrive\デスクトップ\LE3C\GJ\project\resources\shaders\Particle.VS.hlsl, profile:vs_6_0
Compile Succeeded, path:C:\Users\K024G\OneDrive\デスクトップ\LE3C\GJ\project\resources\shaders\Particle.VS.hlsl, profile:vs_6_0
Begin CompileShader, path:C:\Users\K024G\OneDrive\デスクトップ\LE3C\GJ\project\resources\shaders\Particle.PS.hlsl, profile:ps_6_0
Compile Succeeded, path:C:\Users\K024G\OneDrive\デスクトップ\LE3C\GJ\project\resources\shaders\Particle.PS.hlsl, profile:ps_6_0
Begin CompileShader, path:C:\Users\K024G\OneDrive\デスクトップ\LE3C\GJ\project\resources\shaders\DebugLine.VS.hlsl, profile:vs_6_0
Compile Succeeded, path:C:\Users\K024G\OneDrive\デスクトップ\LE3C\GJ\project\resources\shaders\DebugLine.VS.hlsl, profile:vs_6_0
Begin CompileShader, path:C:\Users\K024G\OneDrive\デスクトップ\LE3C\GJ\project\resources\shaders\DebugLine.PS.hlsl, profile:ps_6_0
Compile Succeeded, path:C:\Users\K024G\OneDrive\デスクトップ\LE3C\GJ\project\resources\shaders\DebugLine.PS.hlsl, profile:ps_6_0
Error [title] Entity 4: Event SceneTransition target is not registered: gameplay
